foo   bar
foo
bar
fo o
 bar 
fo o  bar 
fo o bar 
[ fo o ]
[  bar  ]
[ fo o  bar  ]
[ fo o/ bar  ]
fo obar
fo o bar 
fo obar
