'-L/'
'-L/foo/'
'foo%bar'
'foo%'
'%bar'
'foo%bar'
