
foobar
foo bar
foobar
=
!
= foo
foo!
false
true
true
false
true
true
true
true
true baz
foo equals bar is false
true
true
[null]
[null]
1
true
true
true
true
true
true
true
true
true
true
true
true
true
