foo bar baz
fox/ bar baz
fox/foo bar baz
bar
foo{}
foo{}
foo{bar}
foo{bar} foo{baz}
foo{bar} fox{bar}
foo{bar} fox{bar} foo{baz} fox{baz}
dir/bar
foo{dir/}
foo{dir/}
dir/foo{bar}
dir/foo{bar} dir/foo{baz}
dir/foo{bar} dir/fox{bar}
dir/foo{bar} dir/fox{bar} dir/foo{baz} dir/fox{baz}
dir/bar
dir/bar dir/baz
dir/bar dor/bar
dir/bar dor/bar dir/baz dor/baz
dir/foo{bar}
dir/foo{bar} dir/foo{baz}
dir/foo{bar} dor/fox{bar}
dir/foo{bar} dor/fox{bar} dir/foo{baz} dor/fox{baz}
dir/foo{bar}
dir/foo{bar} dir/foo{baz}
dir/foo{bar} dor/foo{bar}
dir/foo{bar} dor/foo{bar} dir/fox{bar} dor/fox{bar} dir/foo{baz} dor/foo{baz} dir/fox{baz} dor/fox{baz}
prj%foo{bar} prj%foo{baz}
foo{bar} prj%foo{baz}
dir/foo{bar} dir/foo{baz}
foo{bar} dir/foo{baz}
dir/foo{bar} dir/dor/foo{baz}
dir/foo{bar}
dir/foo{bar}
dir/foo{bar}
