identity()
identity(a)
identity(a b c)
identity(sub/dir{x} sub/dir{y} sub/dir{z})
FOOBAR
FOOBAR
FOOBAR
